127.0.0.1 - - [16/Jul/2024:11:03:53 +0530] "GET / HTTP/1.1" 404 751
0:0:0:0:0:0:0:1 - - [16/Jul/2024:11:03:54 +0530] "GET /07-helloservlet-demo/studentform.jsp HTTP/1.1" 200 2730
0:0:0:0:0:0:0:1 - - [16/Jul/2024:11:03:54 +0530] "GET /favicon.ico HTTP/1.1" 404 762
0:0:0:0:0:0:0:1 - - [16/Jul/2024:11:03:58 +0530] "GET /07-helloservlet-demo/Hello?firstname=AJAY&lastname=&city=Mumbai HTTP/1.1" 200 101
127.0.0.1 - - [16/Jul/2024:12:26:59 +0530] "GET / HTTP/1.1" 404 751
0:0:0:0:0:0:0:1 - - [16/Jul/2024:12:26:59 +0530] "GET /07-helloservlet-demo/Hello HTTP/1.1" 200 100
127.0.0.1 - - [16/Jul/2024:13:05:25 +0530] "GET / HTTP/1.1" 404 751
0:0:0:0:0:0:0:1 - - [16/Jul/2024:13:05:27 +0530] "GET /08-student-mvc-nod/view-students-jsp.jsp HTTP/1.1" 200 424
0:0:0:0:0:0:0:1 - - [16/Jul/2024:13:08:30 +0530] "GET /08-student-mvc-nod/StudentServlet HTTP/1.1" 404 791
0:0:0:0:0:0:0:1 - - [16/Jul/2024:13:08:32 +0530] "GET /08-student-mvc-nod/StudentServlet HTTP/1.1" 404 791
0:0:0:0:0:0:0:1 - - [16/Jul/2024:13:08:42 +0530] "GET /08-student-mvc-nod/StudentServlet HTTP/1.1" 404 791
0:0:0:0:0:0:0:1 - - [16/Jul/2024:13:09:12 +0530] "GET /08-student-mvc-nod/StudentServlet HTTP/1.1" 404 791
127.0.0.1 - - [16/Jul/2024:13:10:03 +0530] "GET / HTTP/1.1" 404 751
0:0:0:0:0:0:0:1 - - [16/Jul/2024:13:10:04 +0530] "GET /08-student-mvc-nod/StudentServlet HTTP/1.1" 200 609
0:0:0:0:0:0:0:1 - - [16/Jul/2024:13:12:41 +0530] "GET /08-student-mvc-nod/StudentServlet HTTP/1.1" 200 609
0:0:0:0:0:0:0:1 - - [16/Jul/2024:13:12:43 +0530] "GET /08-student-mvc-nod/StudentServlet HTTP/1.1" 200 608
0:0:0:0:0:0:0:1 - - [16/Jul/2024:13:12:43 +0530] "GET /08-student-mvc-nod/StudentServlet HTTP/1.1" 200 609
0:0:0:0:0:0:0:1 - - [16/Jul/2024:13:12:44 +0530] "GET /08-student-mvc-nod/StudentServlet HTTP/1.1" 200 609
0:0:0:0:0:0:0:1 - - [16/Jul/2024:13:14:52 +0530] "GET /08-student-mvc-nod/StudentServlet HTTP/1.1" 200 608
127.0.0.1 - - [16/Jul/2024:13:16:46 +0530] "GET / HTTP/1.1" 404 751
0:0:0:0:0:0:0:1 - - [16/Jul/2024:13:16:47 +0530] "GET /08-student-mvc-nod/StudentServlet HTTP/1.1" 200 608
0:0:0:0:0:0:0:1 - - [16/Jul/2024:13:19:00 +0530] "GET /08-student-mvc-nod/StudentServlet HTTP/1.1" 200 844
0:0:0:0:0:0:0:1 - - [16/Jul/2024:13:20:47 +0530] "GET /08-student-mvc-nod/StudentServlet HTTP/1.1" 200 876
127.0.0.1 - - [16/Jul/2024:13:29:09 +0530] "GET / HTTP/1.1" 404 751
0:0:0:0:0:0:0:1 - - [16/Jul/2024:13:29:10 +0530] "GET /08-student-mvc-nod/Student1Servlet HTTP/1.1" 200 876
0:0:0:0:0:0:0:1 - - [16/Jul/2024:13:36:56 +0530] "GET /08-student-mvc-nod/Student1Servlet HTTP/1.1" 200 876
127.0.0.1 - - [16/Jul/2024:13:40:54 +0530] "GET / HTTP/1.1" 404 751
0:0:0:0:0:0:0:1 - - [16/Jul/2024:13:40:54 +0530] "GET /08-student-mvc-nod/Student1Servlet HTTP/1.1" 200 876
127.0.0.1 - - [16/Jul/2024:13:46:51 +0530] "GET / HTTP/1.1" 404 751
0:0:0:0:0:0:0:1 - - [16/Jul/2024:13:46:52 +0530] "GET /08-student-mvc-nod/StudentServlet HTTP/1.1" 200 876
127.0.0.1 - - [16/Jul/2024:13:50:14 +0530] "GET / HTTP/1.1" 404 751
0:0:0:0:0:0:0:1 - - [16/Jul/2024:13:50:15 +0530] "GET /08-student-mvc-nod/StudentServlet HTTP/1.1" 200 876
127.0.0.1 - - [16/Jul/2024:16:37:21 +0530] "GET / HTTP/1.1" 404 751
0:0:0:0:0:0:0:1 - - [16/Jul/2024:16:37:23 +0530] "GET /09-jdbc-test/JDBCDemo HTTP/1.1" 200 -
0:0:0:0:0:0:0:1 - - [16/Jul/2024:16:42:08 +0530] "GET /09-jdbc-test/JDBCDemo HTTP/1.1" 200 -
127.0.0.1 - - [16/Jul/2024:16:44:01 +0530] "GET / HTTP/1.1" 404 751
0:0:0:0:0:0:0:1 - - [16/Jul/2024:16:44:03 +0530] "GET /09-jdbc-test/JDBCDemo HTTP/1.1" 200 -
127.0.0.1 - - [16/Jul/2024:16:46:25 +0530] "GET / HTTP/1.1" 404 751
0:0:0:0:0:0:0:1 - - [16/Jul/2024:16:46:26 +0530] "GET /09-jdbc-test/JDBCDemo HTTP/1.1" 200 -
0:0:0:0:0:0:0:1 - - [16/Jul/2024:16:48:06 +0530] "GET /09-jdbc-test/JDBCDemo HTTP/1.1" 200 -
127.0.0.1 - - [16/Jul/2024:16:50:10 +0530] "GET / HTTP/1.1" 404 751
0:0:0:0:0:0:0:1 - - [16/Jul/2024:16:50:11 +0530] "GET /09-jdbc-test/JDBCDemo HTTP/1.1" 200 -
127.0.0.1 - - [16/Jul/2024:16:53:53 +0530] "GET / HTTP/1.1" 404 751
0:0:0:0:0:0:0:1 - - [16/Jul/2024:16:53:54 +0530] "GET /09-jdbc-test/JDBCDemo HTTP/1.1" 200 -
0:0:0:0:0:0:0:1 - - [16/Jul/2024:16:59:38 +0530] "GET /09-jdbc-test/JDBCDemo HTTP/1.1" 200 -
127.0.0.1 - - [16/Jul/2024:17:01:09 +0530] "GET / HTTP/1.1" 404 751
0:0:0:0:0:0:0:1 - - [16/Jul/2024:17:01:10 +0530] "GET /09-jdbc-test/JDBCDemo HTTP/1.1" 200 -
127.0.0.1 - - [16/Jul/2024:17:02:40 +0530] "GET / HTTP/1.1" 404 751
0:0:0:0:0:0:0:1 - - [16/Jul/2024:17:02:41 +0530] "GET /09-jdbc-test/JDBCDemo HTTP/1.1" 200 -
127.0.0.1 - - [16/Jul/2024:17:33:05 +0530] "GET / HTTP/1.1" 404 751
0:0:0:0:0:0:0:1 - - [16/Jul/2024:17:33:06 +0530] "GET /10-jdbc-pool-connection/TestConnectionpool HTTP/1.1" 200 -
0:0:0:0:0:0:0:1 - - [16/Jul/2024:17:59:52 +0530] "GET /10-jdbc-pool-connection/TestConnectionpool HTTP/1.1" 200 -
0:0:0:0:0:0:0:1 - - [16/Jul/2024:18:00:14 +0530] "GET /10-jdbc-pool-connection/TestConnectionpool HTTP/1.1" 200 -
127.0.0.1 - - [16/Jul/2024:18:01:02 +0530] "GET / HTTP/1.1" 404 751
0:0:0:0:0:0:0:1 - - [16/Jul/2024:18:01:03 +0530] "GET /10-jdbc-pool-connection/TestConnectionpool HTTP/1.1" 200 -
127.0.0.1 - - [16/Jul/2024:19:41:43 +0530] "GET / HTTP/1.1" 404 751
0:0:0:0:0:0:0:1 - - [16/Jul/2024:19:41:45 +0530] "GET /10-jdbc-pool-connection/TestJdbc HTTP/1.1" 200 -
127.0.0.1 - - [16/Jul/2024:19:42:21 +0530] "GET / HTTP/1.1" 404 751
0:0:0:0:0:0:0:1 - - [16/Jul/2024:19:42:22 +0530] "GET /10-jdbc-pool-connection/TestJdbc HTTP/1.1" 200 -
127.0.0.1 - - [16/Jul/2024:19:43:36 +0530] "GET / HTTP/1.1" 404 751
0:0:0:0:0:0:0:1 - - [16/Jul/2024:19:43:37 +0530] "GET /10-jdbc-pool-connection/TestJdbc HTTP/1.1" 200 -
0:0:0:0:0:0:0:1 - - [16/Jul/2024:19:53:18 +0530] "GET /10-jdbc-pool-connection/TestJdbc HTTP/1.1" 200 -
127.0.0.1 - - [16/Jul/2024:19:54:01 +0530] "GET / HTTP/1.1" 404 751
0:0:0:0:0:0:0:1 - - [16/Jul/2024:19:54:02 +0530] "GET /10-jdbc-pool-connection/TestJdbc HTTP/1.1" 200 -
0:0:0:0:0:0:0:1 - - [16/Jul/2024:19:54:57 +0530] "GET /10-jdbc-pool-connection/TestJdbc HTTP/1.1" 200 -
127.0.0.1 - - [16/Jul/2024:19:55:28 +0530] "GET / HTTP/1.1" 404 751
0:0:0:0:0:0:0:1 - - [16/Jul/2024:19:55:29 +0530] "GET /10-jdbc-pool-connection/TestJdbc HTTP/1.1" 200 -
127.0.0.1 - - [16/Jul/2024:19:56:44 +0530] "GET / HTTP/1.1" 404 751
0:0:0:0:0:0:0:1 - - [16/Jul/2024:19:56:45 +0530] "GET /10-jdbc-pool-connection/TestJdbc HTTP/1.1" 200 -
127.0.0.1 - - [16/Jul/2024:19:58:11 +0530] "GET / HTTP/1.1" 404 751
0:0:0:0:0:0:0:1 - - [16/Jul/2024:19:58:12 +0530] "GET /10-jdbc-pool-connection/TestJdbc HTTP/1.1" 200 -
127.0.0.1 - - [16/Jul/2024:19:59:53 +0530] "GET / HTTP/1.1" 404 751
0:0:0:0:0:0:0:1 - - [16/Jul/2024:19:59:54 +0530] "GET /10-jdbc-pool-connection/TestJdbc HTTP/1.1" 200 -
127.0.0.1 - - [16/Jul/2024:20:13:51 +0530] "GET / HTTP/1.1" 404 751
0:0:0:0:0:0:0:1 - - [16/Jul/2024:20:13:52 +0530] "GET /09-jdbc-test/EmployeeJDBCdemo HTTP/1.1" 200 -
127.0.0.1 - - [16/Jul/2024:20:16:32 +0530] "GET / HTTP/1.1" 404 751
0:0:0:0:0:0:0:1 - - [16/Jul/2024:20:16:33 +0530] "GET /09-jdbc-test/EmployeeJDBCdemo HTTP/1.1" 200 -
127.0.0.1 - - [16/Jul/2024:20:24:48 +0530] "GET / HTTP/1.1" 404 751
0:0:0:0:0:0:0:1 - - [16/Jul/2024:20:24:49 +0530] "GET /09-jdbc-test/TestEmployeeDemo HTTP/1.1" 200 -
127.0.0.1 - - [16/Jul/2024:20:27:55 +0530] "GET / HTTP/1.1" 404 751
0:0:0:0:0:0:0:1 - - [16/Jul/2024:20:27:56 +0530] "GET /09-jdbc-test/TestEmployeeDemo HTTP/1.1" 200 -
127.0.0.1 - - [16/Jul/2024:20:29:03 +0530] "GET / HTTP/1.1" 404 751
0:0:0:0:0:0:0:1 - - [16/Jul/2024:20:29:04 +0530] "GET /09-jdbc-test/TestEmployeeDemo HTTP/1.1" 200 -
127.0.0.1 - - [16/Jul/2024:20:34:31 +0530] "GET / HTTP/1.1" 404 751
0:0:0:0:0:0:0:1 - - [16/Jul/2024:20:34:32 +0530] "GET /09-jdbc-test/TestEmployeeDemo HTTP/1.1" 200 -
